// Jest Snapshot v1, https://goo.gl/fbAQLP

exports[`ExecutionErrorPane matches snapshot 1`] = `
<Blueprint4.Callout
  className="execution-error-pane"
  icon="error"
>
  <p
    className="error-message-text"
  >
    UnknownError: 
    java.lang.RuntimeException: Error occured while trying to read uri: https://static.imply.io/data/kttm/kttm-v2-2019-08-25.json.gz_
     
    <a
      onClick={[Function]}
    >
      (Stack trace)
    </a>
  </p>
  <p>
    Failed task ID: 
    <Memo(ClickToCopy)
      text="query-9656b08e-1cc5-4204-813c-acc56d7870fe-worker0"
    />
     
    On host: 
    <Memo(ClickToCopy)
      text="localhost:8091"
    />
     
    Debug:
     
    <a
      onClick={[Function]}
    >
      download query detail archive
    </a>
  </p>
</Blueprint4.Callout>
`;
